Monday
Wednesday
Sunday
Not a day!
not works
not works 2
double comparison works
float comparison works
